[demo.hasthemes.com/petmark-v5/petmark/index.html]
[demo.hasthemes.com/petmark-v5/petmark/css/plugins.css]
[demo.hasthemes.com/petmark-v5/petmark/image/favicon.ico]
[backblue.gif]
[fade.gif]
[index.html]
[demo.hasthemes.com/petmark-v5/petmark/css/main.css]
[demo.hasthemes.com/petmark-v5/petmark/image/main-logo.png]
[demo.hasthemes.com/petmark-v5/petmark/cart.html]
[demo.hasthemes.com/petmark-v5/petmark/login-register.html]
[demo.hasthemes.com/petmark-v5/petmark/index-2.html]
[demo.hasthemes.com/petmark-v5/petmark/index-3.html]
[demo.hasthemes.com/petmark-v5/petmark/shop.html]
[demo.hasthemes.com/petmark-v5/petmark/index-4.html]
[demo.hasthemes.com/petmark-v5/petmark/about-us.html]
[demo.hasthemes.com/petmark-v5/petmark/about-us-2.html]
[demo.hasthemes.com/petmark-v5/petmark/contact.html]
[demo.hasthemes.com/petmark-v5/petmark/contact-2.html]
[demo.hasthemes.com/petmark-v5/petmark/service.html]
[demo.hasthemes.com/petmark-v5/petmark/service-2.html]
[demo.hasthemes.com/petmark-v5/petmark/faq.html]
[demo.hasthemes.com/petmark-v5/petmark/checkout.html]
[demo.hasthemes.com/petmark-v5/petmark/404.html]
[demo.hasthemes.com/petmark-v5/petmark/wishlist.html]
[demo.hasthemes.com/petmark-v5/petmark/compare.html]
[demo.hasthemes.com/petmark-v5/petmark/my-account.html]
[demo.hasthemes.com/petmark-v5/petmark/portfolio.html]
[demo.hasthemes.com/petmark-v5/petmark/blog.html]
[demo.hasthemes.com/petmark-v5/petmark/blog-left-sidebar.html]
[demo.hasthemes.com/petmark-v5/petmark/blog-right-sidebar.html]
[demo.hasthemes.com/petmark-v5/petmark/blog-list.html]
[demo.hasthemes.com/petmark-v5/petmark/blog-list-left-sidebar.html]
[demo.hasthemes.com/petmark-v5/petmark/blog-list-right-sidebar.html]
[demo.hasthemes.com/petmark-v5/petmark/blog-details.html]
[demo.hasthemes.com/petmark-v5/petmark/blog-details-left-sidebar.html]
[demo.hasthemes.com/petmark-v5/petmark/blog-details-video.html]
[demo.hasthemes.com/petmark-v5/petmark/blog-details-gallery.html]
[demo.hasthemes.com/petmark-v5/petmark/blog-details-audio.html]
[demo.hasthemes.com/petmark-v5/petmark/shop-left-sidebar.html]
[demo.hasthemes.com/petmark-v5/petmark/shop-right-sidebar.html]
[demo.hasthemes.com/petmark-v5/petmark/shop-list.html]
[demo.hasthemes.com/petmark-v5/petmark/shop-list-left-sidebar.html]
[demo.hasthemes.com/petmark-v5/petmark/shop-list-right-sidebar.html]
[demo.hasthemes.com/petmark-v5/petmark/product-details.html]
[demo.hasthemes.com/petmark-v5/petmark/product-details-affiliate.html]
[demo.hasthemes.com/petmark-v5/petmark/product-details-grouped.html]
[demo.hasthemes.com/petmark-v5/petmark/product-details-left-thumbnail.html]
[demo.hasthemes.com/petmark-v5/petmark/product-details-right-thumbnail.html]
[demo.hasthemes.com/petmark-v5/petmark/product-details-left-gallery.html]
[demo.hasthemes.com/petmark-v5/petmark/image/product/cart-product.jpg]
[demo.hasthemes.com/petmark-v5/petmark/image/bg-images/home-1/slider-1.jpg]
[demo.hasthemes.com/petmark-v5/petmark/product-details-right-gallery.html]
[demo.hasthemes.com/petmark-v5/petmark/image/bg-images/home-1/slider-2.jpg]
[demo.hasthemes.com/petmark-v5/petmark/image/product/home-1/product-1.jpg]
[demo.hasthemes.com/petmark-v5/petmark/image/product/home-1/product-2.jpg]
[demo.hasthemes.com/petmark-v5/petmark/image/product/home-1/product-3.jpg]
[demo.hasthemes.com/petmark-v5/petmark/image/product/home-1/product-4.jpg]
[demo.hasthemes.com/petmark-v5/petmark/image/product/home-1/category-1.png]
[demo.hasthemes.com/petmark-v5/petmark/image/product/home-1/category-2.png]
[demo.hasthemes.com/petmark-v5/petmark/image/product/home-1/category-3.png]
[demo.hasthemes.com/petmark-v5/petmark/image/product/home-1/category-4.png]
[demo.hasthemes.com/petmark-v5/petmark/image/product/home-1/category-5.png]
[demo.hasthemes.com/petmark-v5/petmark/image/product/home-1/category-6.png]
[demo.hasthemes.com/petmark-v5/petmark/image/product/product-details/product-details-1.jpg]
[demo.hasthemes.com/petmark-v5/petmark/image/product/product-details/product-details-2.jpg]
[demo.hasthemes.com/petmark-v5/petmark/image/product/product-details/product-details-3.jpg]
[demo.hasthemes.com/petmark-v5/petmark/image/product/product-details/product-details-4.jpg]
[demo.hasthemes.com/petmark-v5/petmark/image/product/promo-product-image-huge.jpg]
[demo.hasthemes.com/petmark-v5/petmark/image/product/home-1/product-7.jpg]
[demo.hasthemes.com/petmark-v5/petmark/image/product/home-1/product-5.jpg]
[demo.hasthemes.com/petmark-v5/petmark/image/product/home-1/product-6.jpg]
[demo.hasthemes.com/petmark-v5/petmark/image/product/home-1/product-8.jpg]
[demo.hasthemes.com/petmark-v5/petmark/image/product/home-1/product-9.jpg]
[demo.hasthemes.com/petmark-v5/petmark/image/product/home-1/product-11.jpg]
[demo.hasthemes.com/petmark-v5/petmark/image/product/home-1/product-10.jpg]
[demo.hasthemes.com/petmark-v5/petmark/image/product/promo-product-image-2.jpg]
[demo.hasthemes.com/petmark-v5/petmark/image/product/promo-product-image-sm.jpg]
[demo.hasthemes.com/petmark-v5/petmark/image/product/promo-product-image-sm-2.jpg]
[demo.hasthemes.com/petmark-v5/petmark/image/product/promo-product-image.jpg]
[demo.hasthemes.com/petmark-v5/petmark/image/brand/brand.png]
[demo.hasthemes.com/petmark-v5/petmark/image/brand/brand-2.png]
[demo.hasthemes.com/petmark-v5/petmark/image/brand/brand-3.png]
[demo.hasthemes.com/petmark-v5/petmark/image/brand/brand-4.png]
[demo.hasthemes.com/petmark-v5/petmark/image/brand/brand-5.png]
[demo.hasthemes.com/petmark-v5/petmark/image/brand/brand-6.png]
[demo.hasthemes.com/petmark-v5/petmark/image/icon-logo/payment-icons.png]
[demo.hasthemes.com/petmark-v5/petmark/js/ajax-mail.js]
[demo.hasthemes.com/petmark-v5/petmark/index.html]
[demo.hasthemes.com/petmark-v5/petmark/js/custom.js]
[demo.hasthemes.com/petmark-v5/petmark/fonts/Ionicons28b5.eot]
[demo.hasthemes.com/petmark-v5/petmark/fonts/Ionicons28b5.woff]
[demo.hasthemes.com/petmark-v5/petmark/fonts/Ionicons28b5.ttf]
[demo.hasthemes.com/petmark-v5/petmark/fonts/fa-brands-400.eot]
[demo.hasthemes.com/petmark-v5/petmark/fonts/Ionicons28b5.svg]
[demo.hasthemes.com/petmark-v5/petmark/fonts/fa-brands-400.woff2]
[demo.hasthemes.com/petmark-v5/petmark/js/plugins.js]
[demo.hasthemes.com/petmark-v5/petmark/fonts/fa-brands-400d41d.eot]
[demo.hasthemes.com/petmark-v5/petmark/fonts/fa-brands-400.woff]
[demo.hasthemes.com/petmark-v5/petmark/fonts/fa-regular-400.eot]
[demo.hasthemes.com/petmark-v5/petmark/fonts/fa-regular-400.woff2]
[demo.hasthemes.com/petmark-v5/petmark/fonts/fa-brands-400.svg]
[demo.hasthemes.com/petmark-v5/petmark/fonts/fa-regular-400d41d.eot]
[demo.hasthemes.com/petmark-v5/petmark/fonts/fa-brands-400.ttf]
[demo.hasthemes.com/petmark-v5/petmark/fonts/fa-regular-400.woff]
[demo.hasthemes.com/petmark-v5/petmark/fonts/fa-regular-400.ttf]
[demo.hasthemes.com/petmark-v5/petmark/fonts/fa-solid-900.eot]
[demo.hasthemes.com/petmark-v5/petmark/fonts/fa-solid-900.woff2]
[demo.hasthemes.com/petmark-v5/petmark/fonts/fa-solid-900d41d.eot]
[demo.hasthemes.com/petmark-v5/petmark/fonts/fa-regular-400.svg]
[demo.hasthemes.com/petmark-v5/petmark/fonts/fa-solid-900.woff]
[demo.hasthemes.com/petmark-v5/petmark/fonts/fa-solid-900.svg]
[demo.hasthemes.com/petmark-v5/petmark/fonts/fa-solid-900.ttf]
[demo.hasthemes.com/petmark-v5/petmark/fonts/themify9f24.eot]
[demo.hasthemes.com/petmark-v5/petmark/fonts/themifyd41d.eot]
[demo.hasthemes.com/petmark-v5/petmark/fonts/themify9f24.woff]
[demo.hasthemes.com/petmark-v5/petmark/fonts/themify9f24.ttf]
[demo.hasthemes.com/petmark-v5/petmark/css/plugins.css]
[demo.hasthemes.com/petmark-v5/petmark/fonts/themify9f24.svg]
[demo.hasthemes.com/petmark-v5/petmark/image/icon-logo/arrow-icon.png]
[demo.hasthemes.com/petmark-v5/petmark/image/others/services/service-about-bg.jpg]
[demo.hasthemes.com/petmark-v5/petmark/css/main.css]
[demo.hasthemes.com/petmark-v5/petmark/cart.html]
[demo.hasthemes.com/petmark-v5/petmark/login-register.html]
[demo.hasthemes.com/petmark-v5/petmark/shop.html]
[demo.hasthemes.com/petmark-v5/petmark/image/main-logo--sky.png]
[demo.hasthemes.com/petmark-v5/petmark/image/bg-images/home-2/slider-2.jpg]
[demo.hasthemes.com/petmark-v5/petmark/image/bg-images/home-2/slider-1.jpg]
[demo.hasthemes.com/petmark-v5/petmark/image/product/hero-promo-product.jpg]
[demo.hasthemes.com/petmark-v5/petmark/image/product/home-2/product-7.jpg]
[demo.hasthemes.com/petmark-v5/petmark/image/product/home-2/product-6.jpg]
[demo.hasthemes.com/petmark-v5/petmark/image/product/home-2/product-5.jpg]
[demo.hasthemes.com/petmark-v5/petmark/image/product/home-2/product-4.jpg]
[demo.hasthemes.com/petmark-v5/petmark/image/product/home-2/product-3.jpg]
[demo.hasthemes.com/petmark-v5/petmark/image/product/home-2/product-2.jpg]
[demo.hasthemes.com/petmark-v5/petmark/image/product/home-2/product-1.jpg]
[demo.hasthemes.com/petmark-v5/petmark/image/product/home-2/product-9.jpg]
[demo.hasthemes.com/petmark-v5/petmark/image/product/home-2/product-11.jpg]
[demo.hasthemes.com/petmark-v5/petmark/image/product/home-2/product-10.jpg]
[demo.hasthemes.com/petmark-v5/petmark/image/product/home-2/product-8.jpg]
[demo.hasthemes.com/petmark-v5/petmark/image/product/promo-product-image-big--home-2.jpg]
[demo.hasthemes.com/petmark-v5/petmark/image/product/promo-product-image-big-2--home-2.jpg]
[demo.hasthemes.com/petmark-v5/petmark/image/product/promo-product-image-huge--home-2.jpg]
[demo.hasthemes.com/petmark-v5/petmark/index-2.html]
[demo.hasthemes.com/petmark-v5/petmark/image/main-logo--green.png]
[demo.hasthemes.com/petmark-v5/petmark/image/bg-images/home-3/slider-1.jpg]
[demo.hasthemes.com/petmark-v5/petmark/image/bg-images/home-3/slider-2.jpg]
[demo.hasthemes.com/petmark-v5/petmark/image/product/promo-product-image-1--home-3.jpg]
[demo.hasthemes.com/petmark-v5/petmark/image/product/promo-product-image-2--home-3.jpg]
[demo.hasthemes.com/petmark-v5/petmark/image/product/promo-product-image-3--home-3.jpg]
[demo.hasthemes.com/petmark-v5/petmark/image/product/home-3/product-1.jpg]
[demo.hasthemes.com/petmark-v5/petmark/image/product/home-3/product-2.jpg]
[demo.hasthemes.com/petmark-v5/petmark/image/product/home-3/product-3.jpg]
[demo.hasthemes.com/petmark-v5/petmark/image/product/home-3/product-4.jpg]
[demo.hasthemes.com/petmark-v5/petmark/image/product/promo-product-image-big--home-3.jpg]
[demo.hasthemes.com/petmark-v5/petmark/image/product/home-3/product-6.jpg]
[demo.hasthemes.com/petmark-v5/petmark/image/product/home-3/product-7.jpg]
[demo.hasthemes.com/petmark-v5/petmark/image/product/home-3/product-8.jpg]
[demo.hasthemes.com/petmark-v5/petmark/image/product/home-3/product-9.jpg]
[demo.hasthemes.com/petmark-v5/petmark/image/product/home-3/product-10.jpg]
[demo.hasthemes.com/petmark-v5/petmark/image/product/home-3/product-11.jpg]
[demo.hasthemes.com/petmark-v5/petmark/image/product/slidebar-promo-product.jpg]
[demo.hasthemes.com/petmark-v5/petmark/index-3.html]
[demo.hasthemes.com/petmark-v5/petmark/image/main-logo--blue.png]
[demo.hasthemes.com/petmark-v5/petmark/image/bg-images/home-4/slider-1.jpg]
[demo.hasthemes.com/petmark-v5/petmark/image/bg-images/home-4/slider-2.jpg]
[demo.hasthemes.com/petmark-v5/petmark/image/product/home-4/product-7.jpg]
[demo.hasthemes.com/petmark-v5/petmark/image/product/home-4/product-2.jpg]
[demo.hasthemes.com/petmark-v5/petmark/image/product/home-4/product-1.jpg]
[demo.hasthemes.com/petmark-v5/petmark/image/product/home-4/product-3.jpg]
[demo.hasthemes.com/petmark-v5/petmark/image/product/home-4/product-4.jpg]
[demo.hasthemes.com/petmark-v5/petmark/image/product/home-4/product-5.jpg]
[demo.hasthemes.com/petmark-v5/petmark/image/product/home-4/product-6.jpg]
[demo.hasthemes.com/petmark-v5/petmark/image/product/home-4/product-8.jpg]
[demo.hasthemes.com/petmark-v5/petmark/image/product/promo-product-image-huge--home-4.jpg]
[demo.hasthemes.com/petmark-v5/petmark/image/product/home-4/product-9.jpg]
[demo.hasthemes.com/petmark-v5/petmark/image/product/home-4/product-11.jpg]
[demo.hasthemes.com/petmark-v5/petmark/image/product/home-4/product-10.jpg]
[demo.hasthemes.com/petmark-v5/petmark/image/product/promo-product-image-big--home-4.jpg]
[demo.hasthemes.com/petmark-v5/petmark/image/product/promo-product-image-big-2--home-4.jpg]
[demo.hasthemes.com/petmark-v5/petmark/image/others/home-blog-1.jpg]
[demo.hasthemes.com/petmark-v5/petmark/image/others/home-blog-2.jpg]
[demo.hasthemes.com/petmark-v5/petmark/index-4.html]
[demo.hasthemes.com/petmark-v5/petmark/image/others/about-us-sec-1.jpg]
[demo.hasthemes.com/petmark-v5/petmark/image/icon-logo/about-us-icon1.png]
[demo.hasthemes.com/petmark-v5/petmark/image/icon-logo/about-us-icon2.png]
[demo.hasthemes.com/petmark-v5/petmark/image/icon-logo/about-us-icon3.png]
[demo.hasthemes.com/petmark-v5/petmark/image/icon-logo/about-us-icon4.png]
[demo.hasthemes.com/petmark-v5/petmark/image/others/about-us-sec-2.jpg]
[demo.hasthemes.com/petmark-v5/petmark/about-us.html]
[demo.hasthemes.com/petmark-v5/petmark/image/others/about-us-sec-3.jpg]
[demo.hasthemes.com/petmark-v5/petmark/image/others/about-us-sec-4.jpg]
[demo.hasthemes.com/petmark-v5/petmark/about-us-2.html]
[demo.hasthemes.com/petmark-v5/petmark/contact.html]
[demo.hasthemes.com/petmark-v5/petmark/contact-2.html]
[demo.hasthemes.com/petmark-v5/petmark/image/others/services/service-1.jpg]
[demo.hasthemes.com/petmark-v5/petmark/image/others/services/service-2.jpg]
[demo.hasthemes.com/petmark-v5/petmark/image/others/services/service-3.jpg]
[demo.hasthemes.com/petmark-v5/petmark/image/others/services/service-bg-1.jpg]
[demo.hasthemes.com/petmark-v5/petmark/image/others/services/service-banner.jpg]
[demo.hasthemes.com/petmark-v5/petmark/image/others/services/service-bg-2.jpg]
[demo.hasthemes.com/petmark-v5/petmark/service.html]
[demo.hasthemes.com/petmark-v5/petmark/image/others/services/service-banner-2.jpg]
[demo.hasthemes.com/petmark-v5/petmark/image/others/services/service-portfolio-1.jpg]
[demo.hasthemes.com/petmark-v5/petmark/image/others/services/service-portfolio-2.jpg]
[demo.hasthemes.com/petmark-v5/petmark/image/others/services/service-portfolio-3.jpg]
[demo.hasthemes.com/petmark-v5/petmark/image/others/services/service-portfolio-4.jpg]
[demo.hasthemes.com/petmark-v5/petmark/image/others/services/service-portfolio-5.jpg]
[demo.hasthemes.com/petmark-v5/petmark/service-2.html]
[demo.hasthemes.com/petmark-v5/petmark/faq.html]
[demo.hasthemes.com/petmark-v5/petmark/404.html]
[demo.hasthemes.com/petmark-v5/petmark/checkout.html]
[demo.hasthemes.com/petmark-v5/petmark/wishlist.html]
[demo.hasthemes.com/petmark-v5/petmark/compare.html]
[demo.hasthemes.com/petmark-v5/petmark/my-account.html]
[demo.hasthemes.com/petmark-v5/petmark/image/others/services/service-portfolio-6.jpg]
[demo.hasthemes.com/petmark-v5/petmark/image/others/portfolio/porfolio1.jpg]
[demo.hasthemes.com/petmark-v5/petmark/image/others/portfolio/porfolio2.jpg]
[demo.hasthemes.com/petmark-v5/petmark/image/others/portfolio/porfolio3.jpg]
[demo.hasthemes.com/petmark-v5/petmark/image/others/portfolio/porfolio4.jpg]
[demo.hasthemes.com/petmark-v5/petmark/image/others/portfolio/porfolio5.jpg]
[demo.hasthemes.com/petmark-v5/petmark/image/others/portfolio/porfolio7.jpg]
[demo.hasthemes.com/petmark-v5/petmark/image/others/portfolio/porfolio8.jpg]
[demo.hasthemes.com/petmark-v5/petmark/image/others/portfolio/porfolio9.jpg]
[demo.hasthemes.com/petmark-v5/petmark/image/others/portfolio/porfolio18.jpg]
[demo.hasthemes.com/petmark-v5/petmark/image/others/portfolio/porfolio11.jpg]
[demo.hasthemes.com/petmark-v5/petmark/image/others/portfolio/porfolio12.jpg]
[demo.hasthemes.com/petmark-v5/petmark/image/others/portfolio/porfolio13.jpg]
[demo.hasthemes.com/petmark-v5/petmark/image/others/portfolio/porfolio14.jpg]
[demo.hasthemes.com/petmark-v5/petmark/image/others/portfolio/porfolio15.jpg]
[demo.hasthemes.com/petmark-v5/petmark/image/others/portfolio/porfolio16.jpg]
[demo.hasthemes.com/petmark-v5/petmark/image/others/portfolio/porfolio17.jpg]
[demo.hasthemes.com/petmark-v5/petmark/image/others/portfolio/porfolio19.jpg]
[demo.hasthemes.com/petmark-v5/petmark/portfolio.html]
[demo.hasthemes.com/petmark-v5/petmark/image/others/blog-1.jpg]
[demo.hasthemes.com/petmark-v5/petmark/image/others/blog-2.jpg]
[demo.hasthemes.com/petmark-v5/petmark/image/others/blog-3.jpg]
[demo.hasthemes.com/petmark-v5/petmark/image/others/blog-4.jpg]
[demo.hasthemes.com/petmark-v5/petmark/blog.html]
[demo.hasthemes.com/petmark-v5/petmark/blog-left-sidebar.html]
[demo.hasthemes.com/petmark-v5/petmark/blog-right-sidebar.html]
[demo.hasthemes.com/petmark-v5/petmark/image/others/blog-slider-1.jpg]
[demo.hasthemes.com/petmark-v5/petmark/image/others/blog-slider-3.jpg]
[demo.hasthemes.com/petmark-v5/petmark/image/others/blog-slider-2.jpg]
[demo.hasthemes.com/petmark-v5/petmark/blog-list.html]
[demo.hasthemes.com/petmark-v5/petmark/blog-list-left-sidebar.html]
[demo.hasthemes.com/petmark-v5/petmark/blog-list-right-sidebar.html]
[demo.hasthemes.com/petmark-v5/petmark/image/others/blog-details-1.jpg]
[demo.hasthemes.com/petmark-v5/petmark/image/others/blog-related-1.jpg]
[demo.hasthemes.com/petmark-v5/petmark/image/others/blog-related-2.jpg]
[demo.hasthemes.com/petmark-v5/petmark/image/others/blog-related-3.jpg]
[demo.hasthemes.com/petmark-v5/petmark/image/icon-logo/author-logo.png]
[demo.hasthemes.com/petmark-v5/petmark/blog-details.html]
[demo.hasthemes.com/petmark-v5/petmark/blog-details-left-sidebar.html]
[demo.hasthemes.com/petmark-v5/petmark/blog-details-video.html]
[demo.hasthemes.com/petmark-v5/petmark/blog-details-gallery.html]
[demo.hasthemes.com/petmark-v5/petmark/image/others/blog-details-audio.jpg]
[demo.hasthemes.com/petmark-v5/petmark/blog-details-audio.html]
[demo.hasthemes.com/petmark-v5/petmark/shop-left-sidebar.html]
[demo.hasthemes.com/petmark-v5/petmark/shop-right-sidebar.html]
[demo.hasthemes.com/petmark-v5/petmark/shop-list.html]
[demo.hasthemes.com/petmark-v5/petmark/shop-list-left-sidebar.html]
[demo.hasthemes.com/petmark-v5/petmark/shop-list-right-sidebar.html]
[demo.hasthemes.com/petmark-v5/petmark/product-details.html]
[demo.hasthemes.com/petmark-v5/petmark/product-details-affiliate.html]
[demo.hasthemes.com/petmark-v5/petmark/product-details-grouped.html]
[demo.hasthemes.com/petmark-v5/petmark/product-details-left-thumbnail.html]
[demo.hasthemes.com/petmark-v5/petmark/product-details-right-thumbnail.html]
[demo.hasthemes.com/petmark-v5/petmark/product-details-left-gallery.html]
[demo.hasthemes.com/petmark-v5/petmark/product-details-right-gallery.html]
[demo.hasthemes.com/petmark-v5/petmark/fonts/Ionicons28b5.svg]
[demo.hasthemes.com/petmark-v5/petmark/fonts/fa-brands-400.svg]
[demo.hasthemes.com/petmark-v5/petmark/fonts/fa-regular-400.svg]
[demo.hasthemes.com/petmark-v5/petmark/fonts/fa-solid-900.svg]
[demo.hasthemes.com/petmark-v5/petmark/fonts/themify9f24.svg]
[demo.hasthemes.com/petmark-v5/petmark/image/banner-images/bg-testimonial.jpg]
[demo.hasthemes.com/petmark-v5/petmark/image/banner-images/home-2__bg-testimonial.jpg]
[demo.hasthemes.com/petmark-v5/petmark/image/banner-images/testimonial-bg-3.png]
[demo.hasthemes.com/petmark-v5/petmark/image/banner-images/testimonial-bg-4.png]
[demo.hasthemes.com/petmark-v5/petmark/image/banner-images/banner4-bg-img-2.png]
[demo.hasthemes.com/petmark-v5/petmark/image/icons/badge-sell-3.png]
[demo.hasthemes.com/petmark-v5/petmark/image/icons/badge-sell-2.png]
[demo.hasthemes.com/petmark-v5/petmark/image/icons/badge-sell.png]
[demo.hasthemes.com/petmark-v5/petmark/image/icons/badge-new.png]
[demo.hasthemes.com/petmark-v5/petmark/image/bg-images/home-3/service-bg.png]
[demo.hasthemes.com/petmark-v5/petmark/single-portfolio.html]
